2026-02-07 20:50:27,779 - INFO - 刷新串口列表: ['COM3', 'COM5', 'COM4', 'COM7', 'COM6']
2026-02-07 20:50:27,781 - INFO - 交互式窗口已启动
2026-02-07 20:50:33,440 - INFO - 数据文件已创建: data\emg_20260207_205033.csv, data\imu_20260207_205033.csv
2026-02-07 20:51:21,054 - INFO - 刷新串口列表: ['COM3', 'COM5', 'COM4', 'COM7', 'COM6']
2026-02-07 20:51:21,056 - INFO - 交互式窗口已启动
2026-02-07 20:51:26,994 - INFO - 数据文件已创建: data\emg_20260207_205126.csv, data\imu_20260207_205126.csv
2026-02-07 20:51:27,208 - INFO - 开始数据采集
2026-02-07 20:51:47,091 - INFO - 串口已关闭
2026-02-07 20:51:47,091 - INFO - 数据文件已关闭
2026-02-07 20:51:47,092 - INFO - 停止数据采集
2026-02-07 21:01:15,864 - INFO - 刷新串口列表: ['COM3', 'COM5', 'COM4', 'COM7', 'COM6']
2026-02-07 21:01:15,901 - INFO - 交互式窗口已启动
2026-02-07 21:01:19,917 - INFO - 刷新串口列表: ['COM3', 'COM5', 'COM4', 'COM7', 'COM6']
2026-02-07 21:01:23,973 - INFO - 数据文件已创建: data\emg_20260207_210123.csv, data\imu_20260207_210123.csv
2026-02-07 21:01:24,176 - INFO - 开始数据采集
2026-02-07 21:01:54,069 - INFO - 刷新串口列表: ['COM3', 'COM5', 'COM4', 'COM7', 'COM6']
2026-02-07 21:01:54,070 - INFO - 交互式窗口已启动
2026-02-07 21:04:48,706 - INFO - 刷新串口列表: ['COM3', 'COM5', 'COM4', 'COM7', 'COM6']
2026-02-07 21:04:48,706 - INFO - 交互式窗口已启动
2026-02-07 21:04:54,477 - INFO - 数据文件已创建: data\emg_20260207_210454.csv, data\imu_20260207_210454.csv
2026-02-07 21:04:54,486 - ERROR - 串口连接失败: could not open port 'COM5': PermissionError(13, '拒绝访问。', None, 5)
2026-02-07 21:04:54,711 - INFO - 开始数据采集
2026-02-07 21:23:53,513 - INFO - 数据文件已创建: data\emg_20260207_212353.csv, data\imu_20260207_212353.csv
2026-02-07 21:23:53,734 - INFO - 开始数据采集
2026-02-07 21:23:58,715 - ERROR - 串口连接失败: could not open port 'COM3': OSError(22, '信号灯超时时间已到', None, 121)
