2026-02-07 21:09:16,038 - INFO - 刷新串口列表: ['COM3', 'COM5', 'COM4', 'COM7', 'COM6']
2026-02-07 21:09:16,038 - INFO - 系统控制中心已启动
2026-02-07 21:09:21,723 - INFO - 启动增强版本
2026-02-07 21:09:25,313 - INFO - 数据文件已创建: data\emg_20260207_210925.csv, data\imu_20260207_210925.csv
2026-02-07 21:09:25,334 - ERROR - 串口连接失败: could not open port 'COM5': PermissionError(13, '拒绝访问。', None, 5)
2026-02-07 21:09:25,541 - INFO - 开始数据采集
2026-02-07 21:09:32,584 - INFO - 启动增强版本
2026-02-07 21:09:44,333 - INFO - 打开系统设置
2026-02-07 21:09:48,769 - INFO - 保存设置: 波特率=921600, 数据目录=data
2026-02-07 21:09:50,075 - INFO - 打开文档窗口
2026-02-07 21:10:39,391 - INFO - 刷新串口列表: ['COM3', 'COM5', 'COM4', 'COM7', 'COM6']
2026-02-07 21:10:39,429 - INFO - 系统控制中心已启动
2026-02-07 21:10:47,695 - INFO - 数据文件已创建: data\emg_20260207_211047.csv, data\imu_20260207_211047.csv
2026-02-07 21:10:47,879 - ERROR - 读取串口数据失败: name 'time' is not defined
2026-02-07 21:10:47,880 - ERROR - 串口连接失败: name 'time' is not defined
2026-02-07 21:10:47,948 - INFO - 开始数据采集
2026-02-07 21:10:56,731 - INFO - 启动增强版本
2026-02-07 21:20:30,564 - INFO - 刷新串口列表: ['COM3', 'COM5', 'COM4', 'COM7', 'COM6']
2026-02-07 21:20:30,564 - INFO - 系统控制中心已启动
2026-02-07 21:20:34,924 - INFO - 数据文件已创建: data\emg_20260207_212034.csv, data\imu_20260207_212034.csv
2026-02-07 21:20:34,926 - ERROR - 串口连接失败: could not open port 'COM5': PermissionError(13, '拒绝访问。', None, 5)
2026-02-07 21:20:35,208 - INFO - 开始数据采集
2026-02-07 21:20:41,853 - INFO - 启动增强版本
2026-02-07 21:24:14,823 - INFO - 刷新串口列表: ['COM3', 'COM5', 'COM4', 'COM7', 'COM6']
2026-02-07 21:24:14,824 - INFO - 系统控制中心已启动
2026-02-07 21:27:42,130 - INFO - 刷新串口列表: ['COM3', 'COM5', 'COM4', 'COM7', 'COM6']
2026-02-07 21:27:42,130 - INFO - 系统控制中心已启动
2026-02-07 21:27:50,791 - INFO - 数据文件已创建: data\emg_20260207_212750.csv, data\imu_20260207_212750.csv
2026-02-07 21:27:50,793 - ERROR - 串口连接失败: could not open port 'COM5': PermissionError(13, '拒绝访问。', None, 5)
2026-02-07 21:27:51,046 - INFO - 开始数据采集
2026-02-07 21:28:22,701 - INFO - 刷新串口列表: ['COM3', 'COM5', 'COM4', 'COM7', 'COM6']
2026-02-07 21:28:22,701 - INFO - 系统控制中心已启动
2026-02-07 21:28:27,281 - INFO - 数据文件已创建: data\emg_20260207_212827.csv, data\imu_20260207_212827.csv
2026-02-07 21:28:27,297 - ERROR - 串口连接失败: could not open port 'COM5': PermissionError(13, '拒绝访问。', None, 5)
2026-02-07 21:28:27,554 - INFO - 开始数据采集
2026-02-07 21:28:40,214 - INFO - 刷新串口列表: ['COM3', 'COM5', 'COM4', 'COM7', 'COM6']
2026-02-07 21:28:40,215 - INFO - 系统控制中心已启动
2026-02-07 21:28:43,784 - INFO - 数据文件已创建: data\emg_20260207_212843.csv, data\imu_20260207_212843.csv
2026-02-07 21:28:43,996 - INFO - 开始数据采集
2026-02-07 21:28:58,699 - INFO - 打开系统设置
2026-02-07 21:29:02,494 - INFO - 保存设置: 波特率=921600, 数据目录=data
2026-02-07 21:29:11,457 - INFO - 串口已关闭
2026-02-07 21:29:11,458 - INFO - 数据文件已关闭
2026-02-07 21:29:11,458 - INFO - 停止数据采集
2026-02-07 21:34:22,379 - INFO - 刷新串口列表: ['COM3', 'COM5', 'COM4', 'COM7', 'COM6']
2026-02-07 21:34:22,381 - INFO - 系统控制中心已启动
2026-02-07 21:34:25,379 - INFO - 打开缩放控制窗口
2026-02-07 21:34:54,132 - INFO - 保存缩放设置: x_scale=100, emg_y=(-5000,5000), imu_y=(-5.0,5.0)
2026-02-07 21:34:57,986 - INFO - 数据文件已创建: data\emg_20260207_213457.csv, data\imu_20260207_213457.csv
2026-02-07 21:34:58,283 - INFO - 开始数据采集
2026-02-07 21:35:18,022 - INFO - 串口已关闭
2026-02-07 21:35:18,022 - INFO - 数据文件已关闭
2026-02-07 21:35:18,023 - INFO - 停止数据采集
2026-02-07 21:35:19,047 - INFO - 数据文件已创建: data\emg_20260207_213519.csv, data\imu_20260207_213519.csv
2026-02-07 21:35:19,318 - INFO - 开始数据采集
2026-02-07 21:35:20,357 - INFO - 串口已关闭
2026-02-07 21:35:20,357 - INFO - 数据文件已关闭
2026-02-07 21:35:20,358 - INFO - 停止数据采集
2026-02-07 21:35:23,465 - INFO - 清空数据缓冲区
2026-02-07 21:35:26,388 - INFO - 打开缩放控制窗口
2026-02-07 21:35:39,399 - INFO - 保存缩放设置: x_scale=100, emg_y=(-50000,50000), imu_y=(-5.0,5.0)
2026-02-07 21:35:41,211 - INFO - 数据文件已创建: data\emg_20260207_213541.csv, data\imu_20260207_213541.csv
2026-02-07 21:35:41,360 - INFO - 开始数据采集
2026-02-07 21:35:57,489 - INFO - 串口已关闭
2026-02-07 21:35:57,515 - INFO - 数据文件已关闭
2026-02-07 21:35:57,515 - INFO - 停止数据采集
2026-02-07 21:36:02,341 - INFO - 打开缩放控制窗口
2026-02-07 21:36:17,076 - INFO - 保存缩放设置: x_scale=1000, emg_y=(-500000,500000), imu_y=(-5.0,5.0)
2026-02-07 21:36:18,873 - INFO - 数据文件已创建: data\emg_20260207_213618.csv, data\imu_20260207_213618.csv
2026-02-07 21:36:19,085 - INFO - 开始数据采集
2026-02-07 21:36:54,119 - INFO - 串口已关闭
2026-02-07 21:36:54,119 - INFO - 数据文件已关闭
2026-02-07 21:36:54,120 - INFO - 停止数据采集
2026-02-07 21:36:54,738 - INFO - 数据文件已创建: data\emg_20260207_213654.csv, data\imu_20260207_213654.csv
2026-02-07 21:36:54,960 - INFO - 开始数据采集
2026-02-07 21:36:58,600 - INFO - 串口已关闭
2026-02-07 21:36:58,600 - INFO - 数据文件已关闭
2026-02-07 21:36:58,601 - INFO - 停止数据采集
2026-02-07 21:36:59,388 - INFO - 打开缩放控制窗口
2026-02-07 21:37:07,311 - INFO - 保存缩放设置: x_scale=1000, emg_y=(-5000000,5000000), imu_y=(-5.0,5.0)
2026-02-07 21:37:08,459 - INFO - 数据文件已创建: data\emg_20260207_213708.csv, data\imu_20260207_213708.csv
2026-02-07 21:37:08,630 - INFO - 开始数据采集
2026-02-07 21:38:04,948 - INFO - 串口已关闭
2026-02-07 21:38:04,948 - INFO - 数据文件已关闭
2026-02-07 21:38:04,950 - INFO - 停止数据采集
2026-02-07 21:38:06,103 - INFO - 打开缩放控制窗口
2026-02-07 21:38:16,042 - INFO - 保存缩放设置: x_scale=10, emg_y=(-500000,500000), imu_y=(-5.0,5.0)
2026-02-07 21:38:17,429 - INFO - 数据文件已创建: data\emg_20260207_213817.csv, data\imu_20260207_213817.csv
2026-02-07 21:38:17,635 - INFO - 开始数据采集
2026-02-07 21:38:41,024 - INFO - 打开缩放控制窗口
2026-02-07 21:38:47,947 - INFO - 保存缩放设置: x_scale=100, emg_y=(-500000,500000), imu_y=(-5.0,5.0)
2026-02-07 21:39:01,692 - INFO - 打开缩放控制窗口
2026-02-07 21:39:28,626 - INFO - 保存缩放设置: x_scale=50, emg_y=(-500000,500000), imu_y=(-5.0,5.0)
2026-02-07 21:39:49,915 - INFO - 串口已关闭
2026-02-07 21:39:49,915 - INFO - 数据文件已关闭
2026-02-07 21:39:49,917 - INFO - 停止数据采集
2026-02-07 21:45:53,559 - INFO - 刷新串口列表: ['COM3', 'COM5', 'COM4', 'COM7', 'COM6']
2026-02-07 21:45:53,559 - INFO - 系统控制中心已启动
2026-02-07 21:45:57,814 - INFO - 打开缩放控制窗口
2026-02-07 21:46:42,228 - INFO - 保存缩放设置: x_scale=500, emg_y=(-5000,5000), imu_y=(-5.0,5.0)
2026-02-07 21:46:44,020 - INFO - 数据文件已创建: data\emg_20260207_214644.csv, data\imu_20260207_214644.csv
2026-02-07 21:46:44,262 - INFO - 开始数据采集
2026-02-07 21:49:21,288 - INFO - 串口已关闭
2026-02-07 21:49:21,289 - INFO - 数据文件已关闭
2026-02-07 21:49:21,289 - INFO - 停止数据采集
2026-02-07 21:56:26,895 - INFO - 刷新串口列表: ['COM3', 'COM5', 'COM4', 'COM7', 'COM6']
2026-02-07 21:56:26,895 - INFO - 系统控制中心已启动
2026-02-07 21:56:31,254 - INFO - 快速缩小: x_scale=150
2026-02-07 21:56:34,849 - INFO - 数据文件已创建: data\emg_20260207_215634.csv, data\imu_20260207_215634.csv
2026-02-07 21:56:35,134 - INFO - 开始数据采集
2026-02-07 21:56:38,714 - INFO - 快速缩小: x_scale=225
2026-02-07 21:56:50,934 - INFO - 快速缩小: x_scale=337
2026-02-07 21:56:54,207 - INFO - 快速缩小: x_scale=505
2026-02-07 21:56:57,316 - INFO - 快速缩小: x_scale=757
2026-02-07 21:56:59,923 - INFO - 快速缩小: x_scale=1000
2026-02-07 21:57:03,239 - INFO - 快速缩小: x_scale=1000
2026-02-07 21:57:06,741 - INFO - 快速缩小: x_scale=1000
2026-02-07 21:57:15,784 - INFO - 快速缩小: x_scale=1000
2026-02-07 21:57:23,917 - INFO - 打开缩放控制窗口
2026-02-07 21:58:15,360 - INFO - 保存缩放设置: x_scale=1000, emg_y=(-20000,2000), imu_y=(-5.0,5.0)
2026-02-07 21:58:16,372 - INFO - 打开缩放控制窗口
2026-02-07 21:58:38,944 - INFO - 保存缩放设置: x_scale=1000, emg_y=(-20000,20000), imu_y=(-5.0,5.0)
2026-02-07 21:58:59,594 - INFO - 快速重置缩放为默认值
2026-02-07 21:59:07,964 - INFO - 打开缩放控制窗口
2026-02-07 21:59:12,055 - INFO - 应用缩放预设: 详细分析, x_scale=50, emg_y=(-1000,1000), imu_y=(-2,2)
2026-02-07 21:59:17,304 - INFO - 打开缩放控制窗口
2026-02-07 21:59:30,587 - INFO - 应用缩放预设: 强信号, x_scale=100, emg_y=(-5000,5000), imu_y=(-15,15)
2026-02-07 21:59:38,503 - INFO - 打开缩放控制窗口
2026-02-07 21:59:47,531 - INFO - 串口已关闭
2026-02-07 21:59:47,533 - INFO - 数据文件已关闭
2026-02-07 21:59:47,537 - INFO - 停止数据采集
2026-02-07 22:01:36,441 - INFO - 刷新串口列表: ['COM3', 'COM5', 'COM4', 'COM7', 'COM6']
2026-02-07 22:01:36,441 - INFO - 系统控制中心已启动
2026-02-07 22:01:41,375 - INFO - 数据文件已创建: data\emg_20260207_220141.csv, data\imu_20260207_220141.csv
2026-02-07 22:01:41,602 - INFO - 开始数据采集
2026-02-07 22:01:52,799 - INFO - 快速缩小: x_scale=150
2026-02-07 22:01:57,065 - INFO - 快速缩小: x_scale=225
2026-02-07 22:02:01,003 - INFO - 打开缩放控制窗口
2026-02-07 22:02:22,352 - INFO - 保存缩放设置: x_scale=1225, emg_y=(-2000,2000), imu_y=(-5.0,5.0)
2026-02-07 22:02:51,519 - INFO - 打开缩放控制窗口
2026-02-07 22:02:59,535 - INFO - 快速缩小: x_scale=1000
2026-02-07 22:03:02,733 - INFO - 快速缩小: x_scale=1000
2026-02-07 22:03:07,855 - INFO - 打开缩放控制窗口
2026-02-07 22:03:12,959 - INFO - 串口已关闭
2026-02-07 22:03:12,959 - INFO - 数据文件已关闭
2026-02-07 22:03:12,961 - INFO - 停止数据采集
2026-02-07 22:07:26,149 - INFO - 刷新串口列表: ['COM3', 'COM5', 'COM4', 'COM7', 'COM6']
2026-02-07 22:07:26,149 - INFO - 系统控制中心已启动
2026-02-07 22:07:30,620 - INFO - 数据文件已创建: data\emg_20260207_220730.csv, data\imu_20260207_220730.csv
2026-02-07 22:07:30,878 - INFO - 开始数据采集
2026-02-07 22:07:34,703 - INFO - 快速缩小: x_scale=150
2026-02-07 22:07:40,685 - INFO - 快速缩小: x_scale=225
2026-02-07 22:07:45,886 - INFO - 快速缩小: x_scale=337
2026-02-07 22:07:49,211 - INFO - 串口已关闭
2026-02-07 22:07:49,211 - INFO - 数据文件已关闭
2026-02-07 22:07:49,212 - INFO - 停止数据采集
2026-02-07 22:11:53,542 - INFO - 刷新串口列表: ['COM3', 'COM5', 'COM4', 'COM7', 'COM6']
2026-02-07 22:11:53,543 - INFO - 系统控制中心已启动
2026-02-07 22:12:03,834 - INFO - 快速缩小: x_scale=150
2026-02-07 22:12:04,710 - INFO - 快速缩小: x_scale=225
2026-02-07 22:12:09,295 - INFO - 数据文件已创建: data\emg_20260207_221209.csv, data\imu_20260207_221209.csv
2026-02-07 22:12:09,557 - INFO - 开始数据采集
2026-02-07 22:12:11,774 - INFO - 快速缩小: x_scale=337
2026-02-07 22:12:15,053 - INFO - 快速缩小: x_scale=505
2026-02-07 22:12:15,545 - INFO - 快速缩小: x_scale=757
2026-02-07 22:12:16,102 - INFO - 快速缩小: x_scale=1135
2026-02-07 22:12:16,444 - INFO - 快速缩小: x_scale=1702
2026-02-07 22:12:16,945 - INFO - 快速缩小: x_scale=2553
2026-02-07 22:12:17,853 - INFO - 快速缩小: x_scale=3829
2026-02-07 22:12:18,637 - INFO - 快速缩小: x_scale=5743
2026-02-07 22:12:19,677 - INFO - 快速缩小: x_scale=8614
2026-02-07 22:12:20,283 - INFO - 快速缩小: x_scale=10000
2026-02-07 22:12:28,838 - INFO - 快速缩小: x_scale=10000
2026-02-07 22:12:52,280 - INFO - 快速放大: x_scale=7000
2026-02-07 22:12:53,793 - INFO - 快速放大: x_scale=4900
2026-02-07 22:13:15,572 - INFO - 快速放大: x_scale=3430
2026-02-07 22:13:30,055 - INFO - 快速缩小: x_scale=5145
2026-02-07 22:13:31,118 - INFO - 快速缩小: x_scale=7717
2026-02-07 22:13:42,749 - INFO - 打开缩放控制窗口
2026-02-07 22:13:59,390 - INFO - 保存缩放设置: x_scale=7717, emg_y=(-5000,5000), imu_y=(-5.0,5.0)
2026-02-07 22:14:08,889 - INFO - 打开缩放控制窗口
2026-02-07 22:14:24,988 - INFO - 保存缩放设置: x_scale=7717, emg_y=(-50000,50000), imu_y=(-5.0,5.0)
2026-02-07 22:14:49,598 - INFO - 打开缩放控制窗口
2026-02-07 22:15:15,280 - INFO - 保存缩放设置: x_scale=7717, emg_y=(-60000,60000), imu_y=(-5.0,5.0)
2026-02-07 22:15:47,010 - INFO - 打开缩放控制窗口
2026-02-07 22:16:28,337 - INFO - 保存缩放设置: x_scale=7717, emg_y=(-100000,100000), imu_y=(-5.0,5.0)
2026-02-07 22:17:27,357 - INFO - 串口已关闭
2026-02-07 22:17:27,358 - INFO - 数据文件已关闭
2026-02-07 22:17:27,358 - INFO - 停止数据采集
2026-02-07 22:17:28,633 - INFO - 数据文件已创建: data\emg_20260207_221728.csv, data\imu_20260207_221728.csv
2026-02-07 22:17:28,845 - INFO - 开始数据采集
2026-02-07 22:18:06,233 - INFO - 串口已关闭
2026-02-07 22:18:06,233 - INFO - 数据文件已关闭
2026-02-07 22:18:06,235 - INFO - 停止数据采集
2026-02-07 22:18:06,247 - INFO - 刷新串口列表: ['COM3', 'COM5', 'COM4', 'COM7', 'COM6']
2026-02-07 22:18:08,135 - INFO - 数据文件已创建: data\emg_20260207_221808.csv, data\imu_20260207_221808.csv
2026-02-07 22:18:08,316 - INFO - 开始数据采集
2026-02-07 22:18:09,724 - INFO - 刷新串口列表: ['COM3', 'COM5', 'COM4', 'COM7', 'COM6']
2026-02-07 22:18:13,380 - ERROR - 串口连接失败: could not open port 'COM3': OSError(22, '信号灯超时时间已到', None, 121)
2026-02-07 22:18:19,441 - INFO - 快速缩小: x_scale=10000
2026-02-07 22:18:20,436 - INFO - 快速放大: x_scale=7000
2026-02-07 22:18:24,173 - INFO - 清空数据缓冲区
2026-02-07 22:19:09,520 - INFO - 刷新串口列表: ['COM3', 'COM5', 'COM4', 'COM7', 'COM6']
2026-02-07 22:19:09,520 - INFO - 系统控制中心已启动
2026-02-07 22:19:14,668 - INFO - 数据文件已创建: data\emg_20260207_221914.csv, data\imu_20260207_221914.csv
2026-02-07 22:19:14,887 - INFO - 开始数据采集
2026-02-07 22:19:16,191 - INFO - 快速缩小: x_scale=150
2026-02-07 22:19:16,507 - INFO - 快速缩小: x_scale=225
2026-02-07 22:19:16,799 - INFO - 快速缩小: x_scale=337
2026-02-07 22:19:17,045 - INFO - 快速缩小: x_scale=505
2026-02-07 22:19:17,297 - INFO - 快速缩小: x_scale=757
2026-02-07 22:19:18,790 - INFO - 快速缩小: x_scale=1135
2026-02-07 22:19:19,083 - INFO - 快速缩小: x_scale=1702
2026-02-07 22:19:19,339 - INFO - 快速缩小: x_scale=2553
2026-02-07 22:19:19,566 - INFO - 快速缩小: x_scale=3829
2026-02-07 22:19:19,796 - INFO - 快速缩小: x_scale=5743
2026-02-07 22:19:20,032 - INFO - 快速缩小: x_scale=8614
2026-02-07 22:19:20,286 - INFO - 快速缩小: x_scale=10000
2026-02-07 22:19:20,959 - INFO - 快速缩小: x_scale=10000
2026-02-07 22:19:21,985 - INFO - 快速放大: x_scale=7000
2026-02-07 22:19:44,761 - INFO - 打开缩放控制窗口
2026-02-07 22:20:33,835 - INFO - 保存缩放设置: x_scale=7000, emg_y=(-20000000,20000000), imu_y=(-5.0,5.0)
2026-02-07 22:20:46,412 - INFO - 打开缩放控制窗口
2026-02-07 22:21:02,626 - INFO - 保存缩放设置: x_scale=7000, emg_y=(-200000,200000), imu_y=(-5.0,5.0)
2026-02-07 22:21:12,872 - INFO - 快速缩小: x_scale=10000
2026-02-07 22:21:58,299 - INFO - 串口已关闭
2026-02-07 22:21:58,300 - INFO - 数据文件已关闭
2026-02-07 22:21:58,300 - INFO - 停止数据采集
2026-02-07 22:25:03,423 - INFO - 刷新串口列表: ['COM3', 'COM5', 'COM4', 'COM7', 'COM6']
2026-02-07 22:25:03,425 - INFO - 系统控制中心已启动
2026-02-07 22:25:06,224 - INFO - EMG纵轴缩小: -3000~3000
2026-02-07 22:25:09,768 - INFO - EMG纵轴缩小: -4500~4500
2026-02-07 22:25:10,414 - INFO - EMG纵轴缩小: -6750~6750
2026-02-07 22:25:10,705 - INFO - EMG纵轴缩小: -10000~10000
2026-02-07 22:25:10,959 - INFO - EMG纵轴缩小: -10000~10000
2026-02-07 22:25:11,201 - INFO - EMG纵轴缩小: -10000~10000
2026-02-07 22:25:12,542 - INFO - 数据文件已创建: data\emg_20260207_222512.csv, data\imu_20260207_222512.csv
2026-02-07 22:25:12,776 - INFO - 开始数据采集
2026-02-07 22:25:18,264 - INFO - 快速缩小: x_scale=150
2026-02-07 22:25:18,508 - INFO - 快速缩小: x_scale=225
2026-02-07 22:25:18,760 - INFO - 快速缩小: x_scale=337
2026-02-07 22:25:18,807 - INFO - 快速缩小: x_scale=505
2026-02-07 22:25:19,015 - INFO - 快速缩小: x_scale=757
2026-02-07 22:25:19,251 - INFO - 快速缩小: x_scale=1135
2026-02-07 22:25:19,491 - INFO - 快速缩小: x_scale=1702
2026-02-07 22:25:19,738 - INFO - 快速缩小: x_scale=2553
2026-02-07 22:25:20,279 - INFO - 快速缩小: x_scale=3829
2026-02-07 22:25:20,327 - INFO - 快速缩小: x_scale=5743
2026-02-07 22:25:20,579 - INFO - 快速缩小: x_scale=8614
2026-02-07 22:25:22,454 - INFO - 快速缩小: x_scale=10000
2026-02-07 22:25:24,416 - INFO - 快速放大: x_scale=7000
2026-02-07 22:25:31,082 - INFO - EMG纵轴缩小: -10000~10000
2026-02-07 22:25:31,721 - INFO - EMG纵轴缩小: -10000~10000
2026-02-07 22:25:32,036 - INFO - EMG纵轴缩小: -10000~10000
2026-02-07 22:25:32,710 - INFO - EMG纵轴缩小: -10000~10000
2026-02-07 22:25:33,385 - INFO - EMG纵轴缩小: -10000~10000
2026-02-07 22:25:33,386 - INFO - EMG纵轴缩小: -10000~10000
2026-02-07 22:25:36,282 - INFO - IMU纵轴缩小: -7.5~7.5
2026-02-07 22:25:36,615 - INFO - IMU纵轴缩小: -11.25~11.25
2026-02-07 22:25:37,184 - INFO - IMU纵轴缩小: -16.88~16.88
2026-02-07 22:25:37,495 - INFO - IMU纵轴缩小: -25.0~25.0
2026-02-07 22:25:37,777 - INFO - IMU纵轴缩小: -25.0~25.0
2026-02-07 22:25:38,076 - INFO - IMU纵轴缩小: -25.0~25.0
2026-02-07 22:25:38,416 - INFO - IMU纵轴缩小: -25.0~25.0
2026-02-07 22:25:41,286 - INFO - IMU纵轴放大: -17.5~17.5
2026-02-07 22:25:41,626 - INFO - IMU纵轴放大: -12.25~12.25
2026-02-07 22:25:41,928 - INFO - IMU纵轴放大: -8.57~8.57
2026-02-07 22:25:52,950 - INFO - 打开缩放控制窗口
2026-02-07 22:26:19,338 - INFO - 保存缩放设置: x_scale=7000, emg_y=(-100000,100000), imu_y=(-8.57,8.57)
2026-02-07 22:26:38,381 - INFO - EMG纵轴放大: -70000~70000
2026-02-07 22:26:43,473 - INFO - EMG纵轴放大: -49000~49000
2026-02-07 22:26:46,300 - INFO - 串口已关闭
2026-02-07 22:26:46,301 - INFO - 数据文件已关闭
2026-02-07 22:26:46,301 - INFO - 停止数据采集
2026-02-07 22:28:08,554 - INFO - 刷新串口列表: ['COM3', 'COM5', 'COM4', 'COM7', 'COM6']
2026-02-07 22:28:08,555 - INFO - 系统控制中心已启动
2026-02-07 22:28:14,640 - INFO - 数据文件已创建: data\emg_20260207_222814.csv, data\imu_20260207_222814.csv
2026-02-07 22:28:14,722 - INFO - 开始数据采集
2026-02-07 22:28:20,457 - INFO - 快速缩小: x_scale=150
2026-02-07 22:28:20,881 - INFO - 快速缩小: x_scale=225
2026-02-07 22:28:21,327 - INFO - 快速缩小: x_scale=337
2026-02-07 22:28:22,051 - INFO - EMG纵轴缩小: -3000~3000
2026-02-07 22:28:22,594 - INFO - EMG纵轴缩小: -4500~4500
2026-02-07 22:28:25,502 - INFO - EMG纵轴缩小: -6750~6750
2026-02-07 22:28:26,736 - INFO - EMG纵轴缩小: -10000~10000
2026-02-07 22:28:27,814 - INFO - EMG纵轴缩小: -10000~10000
2026-02-07 22:28:28,710 - INFO - EMG纵轴缩小: -10000~10000
2026-02-07 22:28:54,829 - INFO - 串口已关闭
2026-02-07 22:28:54,830 - INFO - 数据文件已关闭
2026-02-07 22:28:54,830 - INFO - 停止数据采集
2026-02-07 22:28:55,910 - INFO - 数据文件已创建: data\emg_20260207_222855.csv, data\imu_20260207_222855.csv
2026-02-07 22:28:55,917 - INFO - 开始数据采集
2026-02-07 22:29:00,827 - INFO - 清空数据缓冲区
2026-02-07 22:29:05,577 - INFO - 刷新串口列表: ['COM3', 'COM5', 'COM4', 'COM7', 'COM6']
2026-02-07 22:29:15,762 - INFO - 串口已关闭
2026-02-07 22:29:15,763 - INFO - 数据文件已关闭
2026-02-07 22:29:15,763 - INFO - 停止数据采集
2026-02-07 22:29:26,196 - INFO - 刷新串口列表: ['COM3', 'COM5', 'COM4', 'COM7', 'COM6']
2026-02-07 22:29:26,196 - INFO - 系统控制中心已启动
2026-02-07 22:29:34,453 - INFO - 数据文件已创建: data\emg_20260207_222934.csv, data\imu_20260207_222934.csv
2026-02-07 22:29:34,568 - INFO - 开始数据采集
2026-02-07 22:29:58,695 - INFO - 串口已关闭
2026-02-07 22:29:58,697 - INFO - 数据文件已关闭
2026-02-07 22:29:58,698 - INFO - 停止数据采集
2026-02-07 22:29:59,598 - INFO - 数据文件已创建: data\emg_20260207_222959.csv, data\imu_20260207_222959.csv
2026-02-07 22:29:59,601 - INFO - 开始数据采集
2026-02-07 22:30:09,361 - INFO - EMG纵轴缩小: -3000~3000
2026-02-07 22:30:09,715 - INFO - EMG纵轴缩小: -4500~4500
2026-02-07 22:30:10,030 - INFO - EMG纵轴缩小: -6750~6750
2026-02-07 22:30:10,233 - INFO - EMG纵轴缩小: -10000~10000
2026-02-07 22:30:10,483 - INFO - EMG纵轴缩小: -10000~10000
2026-02-07 22:30:10,686 - INFO - EMG纵轴缩小: -10000~10000
2026-02-07 22:30:10,916 - INFO - EMG纵轴缩小: -10000~10000
2026-02-07 22:30:11,762 - INFO - EMG纵轴缩小: -10000~10000
2026-02-07 22:30:15,409 - INFO - 快速缩小: x_scale=150
2026-02-07 22:30:15,745 - INFO - 快速缩小: x_scale=225
2026-02-07 22:30:16,276 - INFO - 快速缩小: x_scale=337
2026-02-07 22:30:17,357 - INFO - EMG纵轴缩小: -10000~10000
2026-02-07 22:30:22,831 - INFO - 串口已关闭
2026-02-07 22:30:22,831 - INFO - 数据文件已关闭
2026-02-07 22:30:22,833 - INFO - 停止数据采集
2026-02-07 22:30:49,731 - INFO - 刷新串口列表: ['COM3', 'COM5', 'COM4', 'COM7', 'COM6']
2026-02-07 22:30:49,731 - INFO - 系统控制中心已启动
2026-02-07 22:30:54,325 - INFO - 数据文件已创建: data\emg_20260207_223054.csv, data\imu_20260207_223054.csv
2026-02-07 22:30:54,326 - INFO - 开始数据采集
2026-02-07 22:31:01,901 - INFO - 快速缩小: x_scale=150
2026-02-07 22:31:02,262 - INFO - 快速缩小: x_scale=225
2026-02-07 22:31:02,572 - INFO - 快速缩小: x_scale=337
2026-02-07 22:31:02,999 - INFO - 快速缩小: x_scale=505
2026-02-07 22:31:03,323 - INFO - 快速缩小: x_scale=757
2026-02-07 22:31:03,626 - INFO - 快速缩小: x_scale=1135
2026-02-07 22:31:05,468 - INFO - EMG纵轴缩小: -3000~3000
2026-02-07 22:31:05,797 - INFO - EMG纵轴缩小: -4500~4500
2026-02-07 22:31:07,485 - INFO - 串口已关闭
2026-02-07 22:31:07,490 - INFO - 数据文件已关闭
2026-02-07 22:31:07,490 - INFO - 停止数据采集
2026-02-07 22:31:38,936 - INFO - 刷新串口列表: ['COM3', 'COM5', 'COM4', 'COM7', 'COM6']
2026-02-07 22:31:38,936 - INFO - 系统控制中心已启动
2026-02-07 22:31:42,630 - INFO - 数据文件已创建: data\emg_20260207_223142.csv, data\imu_20260207_223142.csv
2026-02-07 22:31:42,860 - INFO - 开始数据采集
2026-02-07 22:31:51,976 - INFO - 快速缩小: x_scale=150
2026-02-07 22:31:52,574 - INFO - 快速缩小: x_scale=225
2026-02-07 22:31:52,855 - INFO - 快速缩小: x_scale=337
2026-02-07 22:31:53,115 - INFO - 快速缩小: x_scale=505
2026-02-07 22:31:53,398 - INFO - 快速缩小: x_scale=757
2026-02-07 22:31:53,434 - INFO - 快速缩小: x_scale=1135
2026-02-07 22:31:54,261 - INFO - IMU纵轴缩小: -7.5~7.5
2026-02-07 22:31:55,062 - INFO - EMG纵轴缩小: -3000~3000
2026-02-07 22:31:55,361 - INFO - EMG纵轴缩小: -4500~4500
2026-02-07 22:31:55,663 - INFO - EMG纵轴缩小: -6750~6750
2026-02-07 22:31:55,945 - INFO - EMG纵轴缩小: -10000~10000
2026-02-07 22:31:56,217 - INFO - EMG纵轴缩小: -10000~10000
2026-02-07 22:31:56,497 - INFO - EMG纵轴缩小: -10000~10000
2026-02-07 22:31:57,064 - INFO - EMG纵轴缩小: -10000~10000
2026-02-07 22:32:08,025 - INFO - 快速缩小: x_scale=1702
2026-02-07 22:32:09,495 - INFO - 快速缩小: x_scale=2553
2026-02-07 22:32:11,079 - INFO - 快速缩小: x_scale=3829
2026-02-07 22:32:30,225 - INFO - EMG纵轴缩小: -10000~10000
2026-02-07 22:32:32,031 - INFO - 串口已关闭
2026-02-07 22:32:32,031 - INFO - 数据文件已关闭
2026-02-07 22:32:32,031 - INFO - 停止数据采集
2026-02-07 22:34:28,312 - INFO - 刷新串口列表: ['COM3', 'COM5', 'COM4', 'COM7', 'COM6']
2026-02-07 22:34:28,312 - INFO - 系统控制中心已启动
2026-02-07 22:34:33,132 - INFO - 数据文件已创建: data\emg_20260207_223433.csv, data\imu_20260207_223433.csv
2026-02-07 22:34:33,359 - INFO - 开始数据采集
2026-02-07 22:34:38,329 - INFO - EMG纵轴缩小: -4000~4000
2026-02-07 22:34:38,924 - INFO - EMG纵轴缩小: -8000~8000
2026-02-07 22:34:39,484 - INFO - EMG纵轴缩小: -10000~10000
2026-02-07 22:34:40,364 - INFO - EMG纵轴缩小: -10000~10000
2026-02-07 22:34:40,987 - INFO - 快速缩小: x_scale=150
2026-02-07 22:34:41,724 - INFO - 快速缩小: x_scale=225
2026-02-07 22:34:42,210 - INFO - 快速缩小: x_scale=337
2026-02-07 22:34:42,798 - INFO - 快速缩小: x_scale=505
2026-02-07 22:34:43,421 - INFO - 快速缩小: x_scale=757
2026-02-07 22:34:43,994 - INFO - 快速缩小: x_scale=1135
2026-02-07 22:34:44,562 - INFO - 快速缩小: x_scale=1702
2026-02-07 22:34:45,475 - INFO - 快速缩小: x_scale=2553
2026-02-07 22:34:46,382 - INFO - 快速缩小: x_scale=3829
2026-02-07 22:34:47,042 - INFO - 快速缩小: x_scale=5743
2026-02-07 22:34:49,880 - INFO - EMG纵轴缩小: -10000~10000
2026-02-07 22:34:50,676 - INFO - EMG纵轴缩小: -10000~10000
2026-02-07 22:34:51,190 - INFO - EMG纵轴缩小: -10000~10000
2026-02-07 22:34:52,045 - INFO - EMG纵轴缩小: -10000~10000
2026-02-07 22:35:03,784 - INFO - 串口已关闭
2026-02-07 22:35:03,784 - INFO - 数据文件已关闭
2026-02-07 22:35:03,786 - INFO - 停止数据采集
2026-02-07 22:37:19,503 - INFO - 刷新串口列表: ['COM3', 'COM5', 'COM4', 'COM7', 'COM6']
2026-02-07 22:37:19,505 - INFO - 系统控制中心已启动
2026-02-07 22:37:23,656 - INFO - 数据文件已创建: data\emg_20260207_223723.csv, data\imu_20260207_223723.csv
2026-02-07 22:37:23,907 - INFO - 开始数据采集
2026-02-07 22:37:26,896 - INFO - 快速缩小: x_scale=150
2026-02-07 22:37:28,029 - INFO - 快速缩小: x_scale=225
2026-02-07 22:37:28,862 - INFO - 快速缩小: x_scale=337
2026-02-07 22:37:30,335 - INFO - EMG纵轴缩小: -3000~3000
2026-02-07 22:37:30,906 - INFO - EMG纵轴缩小: -4500~4500
2026-02-07 22:37:31,175 - INFO - EMG纵轴缩小: -6750~6750
2026-02-07 22:37:31,688 - INFO - EMG纵轴缩小: -10125~10125
2026-02-07 22:37:32,329 - INFO - EMG纵轴缩小: -15187~15187
2026-02-07 22:37:33,463 - INFO - EMG纵轴缩小: -22780~22780
2026-02-07 22:37:35,222 - INFO - EMG纵轴缩小: -34170~34170
2026-02-07 22:37:39,623 - INFO - 快速缩小: x_scale=505
2026-02-07 22:37:48,517 - INFO - 快速缩小: x_scale=757
2026-02-07 22:37:49,101 - INFO - 快速缩小: x_scale=1135
2026-02-07 22:37:49,383 - INFO - 快速缩小: x_scale=1702
2026-02-07 22:37:49,876 - INFO - 快速缩小: x_scale=2553
2026-02-07 22:37:50,136 - INFO - 快速缩小: x_scale=3829
2026-02-07 22:37:50,400 - INFO - 快速缩小: x_scale=5743
2026-02-07 22:37:50,662 - INFO - 快速缩小: x_scale=8614
2026-02-07 22:37:51,461 - INFO - 快速缩小: x_scale=10000
2026-02-07 22:37:51,996 - INFO - 快速缩小: x_scale=10000
2026-02-07 22:37:53,035 - INFO - 快速缩小: x_scale=10000
2026-02-07 22:37:55,030 - INFO - EMG纵轴缩小: -51255~51255
2026-02-07 22:37:55,745 - INFO - EMG纵轴缩小: -76882~76882
2026-02-07 22:37:56,362 - INFO - EMG纵轴缩小: -100000~100000
2026-02-07 22:37:57,115 - INFO - EMG纵轴缩小: -100000~100000
2026-02-07 22:37:57,972 - INFO - EMG纵轴缩小: -100000~100000
2026-02-07 22:37:58,812 - INFO - EMG纵轴缩小: -100000~100000
2026-02-07 22:43:40,004 - INFO - 串口已关闭
2026-02-07 22:43:40,005 - INFO - 数据文件已关闭
2026-02-07 22:43:40,005 - INFO - 停止数据采集
2026-02-07 22:47:09,299 - INFO - 刷新串口列表: ['COM3', 'COM5', 'COM4', 'COM7', 'COM6']
2026-02-07 22:47:09,299 - INFO - 系统控制中心已启动
2026-02-07 22:47:14,152 - INFO - 数据文件已创建: data\emg_20260207_224714.csv, data\imu_20260207_224714.csv
2026-02-07 22:47:14,397 - INFO - 开始数据采集
2026-02-07 22:47:21,347 - INFO - 快速缩小: x_scale=150
2026-02-07 22:47:22,044 - INFO - 快速缩小: x_scale=225
2026-02-07 22:47:22,312 - INFO - 快速缩小: x_scale=337
2026-02-07 22:47:22,900 - INFO - 快速缩小: x_scale=505
2026-02-07 22:47:23,213 - INFO - 快速缩小: x_scale=757
2026-02-07 22:47:23,761 - INFO - 快速缩小: x_scale=1135
2026-02-07 22:47:24,528 - INFO - 快速缩小: x_scale=1702
2026-02-07 22:47:25,181 - INFO - 快速缩小: x_scale=2553
2026-02-07 22:47:26,348 - INFO - 快速缩小: x_scale=3829
2026-02-07 22:47:29,935 - INFO - EMG纵轴缩小: -3000~3000
2026-02-07 22:47:30,568 - INFO - EMG纵轴缩小: -4500~4500
2026-02-07 22:47:31,242 - INFO - EMG纵轴缩小: -6750~6750
2026-02-07 22:47:31,559 - INFO - EMG纵轴缩小: -10125~10125
2026-02-07 22:47:31,873 - INFO - EMG纵轴缩小: -15187~15187
2026-02-07 22:47:32,471 - INFO - EMG纵轴缩小: -22780~22780
2026-02-07 22:47:33,409 - INFO - EMG纵轴缩小: -34170~34170
2026-02-07 22:47:34,929 - INFO - EMG纵轴缩小: -51255~51255
2026-02-07 22:47:38,429 - INFO - EMG纵轴缩小: -76882~76882
2026-02-07 22:47:43,061 - INFO - EMG纵轴缩小: -115323~115323
2026-02-07 22:47:43,966 - INFO - EMG纵轴缩小: -172984~172984
2026-02-07 22:47:51,770 - INFO - EMG纵轴缩小: -200000~200000
2026-02-07 22:47:57,948 - INFO - EMG纵轴放大: -140000~140000
2026-02-07 22:47:58,937 - INFO - EMG纵轴放大: -98000~98000
2026-02-07 22:47:59,264 - INFO - EMG纵轴放大: -68600~68600
2026-02-07 22:47:59,851 - INFO - EMG纵轴放大: -48020~48020
2026-02-07 22:48:03,282 - INFO - EMG纵轴缩小: -72030~72030
2026-02-07 22:48:03,573 - INFO - EMG纵轴缩小: -108045~108045
2026-02-07 22:48:03,869 - INFO - EMG纵轴缩小: -162067~162067
2026-02-07 22:48:04,168 - INFO - EMG纵轴缩小: -200000~200000
2026-02-07 22:48:04,468 - INFO - EMG纵轴缩小: -200000~200000
2026-02-07 22:49:18,023 - INFO - 打开缩放控制窗口
2026-02-07 22:49:23,985 - INFO - 串口已关闭
2026-02-07 22:49:23,986 - INFO - 数据文件已关闭
2026-02-07 22:49:23,990 - INFO - 停止数据采集
2026-02-07 22:51:59,205 - INFO - 刷新串口列表: ['COM3', 'COM5', 'COM4', 'COM7', 'COM6']
2026-02-07 22:51:59,207 - INFO - 系统控制中心已启动
2026-02-07 22:52:04,631 - INFO - 数据文件已创建: data\emg_20260207_225204.csv, data\imu_20260207_225204.csv
2026-02-07 22:52:04,849 - INFO - 开始数据采集
2026-02-07 22:52:13,438 - INFO - EMG纵轴缩小: -3000~3000
2026-02-07 22:52:14,252 - INFO - EMG纵轴缩小: -4500~4500
2026-02-07 22:52:14,872 - INFO - EMG纵轴缩小: -6750~6750
2026-02-07 22:52:15,449 - INFO - EMG纵轴缩小: -10125~10125
2026-02-07 22:52:16,295 - INFO - EMG纵轴缩小: -15187~15187
2026-02-07 22:52:16,848 - INFO - EMG纵轴缩小: -22780~22780
2026-02-07 22:52:17,431 - INFO - EMG纵轴缩小: -34170~34170
2026-02-07 22:52:18,350 - INFO - EMG纵轴缩小: -51255~51255
2026-02-07 22:52:19,033 - INFO - EMG纵轴缩小: -76882~76882
2026-02-07 22:52:19,640 - INFO - EMG纵轴缩小: -115323~115323
2026-02-07 22:52:30,850 - INFO - 快速缩小: x_scale=4500
2026-02-07 22:52:33,932 - INFO - 快速缩小: x_scale=6750
2026-02-07 22:54:39,135 - INFO - EMG纵轴放大: -80726~80726
2026-02-07 22:54:39,978 - INFO - EMG纵轴放大: -56508~56508
2026-02-07 22:54:41,080 - INFO - EMG纵轴放大: -39555~39555
2026-02-07 22:54:41,969 - INFO - EMG纵轴放大: -27688~27688
2026-02-07 22:54:42,776 - INFO - EMG纵轴放大: -19381~19381
2026-02-07 22:55:48,433 - INFO - EMG纵轴缩小: -29071~29071
2026-02-07 22:55:49,651 - INFO - EMG纵轴缩小: -43606~43606
2026-02-07 23:11:17,266 - INFO - 串口已关闭
2026-02-07 23:11:17,266 - INFO - 数据文件已关闭
2026-02-07 23:11:17,267 - INFO - 停止数据采集
2026-02-07 23:19:31,405 - INFO - 刷新串口列表: ['COM3', 'COM5', 'COM4', 'COM7', 'COM6']
2026-02-07 23:19:31,405 - INFO - 系统控制中心已启动
2026-02-07 23:19:35,399 - INFO - 数据文件已创建: data\emg_20260207_231935.csv, data\imu_20260207_231935.csv
2026-02-07 23:19:35,634 - INFO - 开始数据采集
2026-02-07 23:19:40,447 - INFO - EMG纵轴缩小: -3000~3000
2026-02-07 23:19:40,745 - INFO - EMG纵轴缩小: -4500~4500
2026-02-07 23:19:41,024 - INFO - EMG纵轴缩小: -6750~6750
2026-02-07 23:19:41,287 - INFO - EMG纵轴缩小: -10125~10125
2026-02-07 23:19:41,551 - INFO - EMG纵轴缩小: -15187~15187
2026-02-07 23:19:41,841 - INFO - EMG纵轴缩小: -22780~22780
2026-02-07 23:19:42,146 - INFO - EMG纵轴缩小: -34170~34170
2026-02-07 23:21:02,806 - INFO - EMG纵轴缩小: -51255~51255
2026-02-07 23:21:03,591 - INFO - EMG纵轴缩小: -76882~76882
2026-02-07 23:21:31,756 - INFO - 串口已关闭
2026-02-07 23:21:31,757 - INFO - 数据文件已关闭
2026-02-07 23:21:31,757 - INFO - 停止数据采集
2026-02-07 23:33:28,161 - INFO - 刷新串口列表: ['COM3', 'COM5', 'COM4', 'COM7', 'COM6']
2026-02-07 23:33:28,161 - INFO - 系统控制中心已启动
2026-02-07 23:33:33,015 - INFO - 数据文件已创建: data\emg_20260207_233333.csv, data\imu_20260207_233333.csv
2026-02-07 23:33:33,249 - INFO - 开始数据采集
2026-02-07 23:33:34,365 - INFO - 快速缩小: x_scale=4500
2026-02-07 23:33:34,822 - INFO - 快速缩小: x_scale=6750
2026-02-07 23:33:35,077 - INFO - 快速缩小: x_scale=10000
2026-02-07 23:33:35,320 - INFO - 快速缩小: x_scale=10000
2026-02-07 23:33:35,548 - INFO - 快速缩小: x_scale=10000
2026-02-07 23:33:35,772 - INFO - 快速缩小: x_scale=10000
2026-02-07 23:33:36,025 - INFO - 快速缩小: x_scale=10000
2026-02-07 23:33:36,234 - INFO - 快速缩小: x_scale=10000
2026-02-07 23:33:36,488 - INFO - 快速缩小: x_scale=10000
2026-02-07 23:33:36,962 - INFO - 快速缩小: x_scale=10000
2026-02-07 23:33:38,379 - INFO - EMG纵轴缩小: -3000~3000
2026-02-07 23:33:39,184 - INFO - EMG纵轴缩小: -4500~4500
2026-02-07 23:33:39,960 - INFO - EMG纵轴缩小: -6750~6750
2026-02-07 23:33:40,553 - INFO - EMG纵轴缩小: -10125~10125
2026-02-07 23:33:41,193 - INFO - EMG纵轴缩小: -15187~15187
2026-02-07 23:33:41,774 - INFO - EMG纵轴缩小: -22780~22780
2026-02-07 23:33:42,757 - INFO - EMG纵轴缩小: -34170~34170
2026-02-07 23:34:04,470 - INFO - 串口已关闭
2026-02-07 23:34:04,471 - INFO - 数据文件已关闭
2026-02-07 23:34:04,471 - INFO - 停止数据采集
